---
sidebar: sidebar 
permalink: oracle/oracle-dr-snapmirror-log-replay.html 
keywords: oracle, ontap, disaster recovery, log reply, log shipping 
summary: 로그 전달을 통한 Oracle 데이터베이스 DR 
---
= 로그 전달을 통한 Oracle 데이터베이스 DR
:allow-uri-read: 


[role="lead"]
Oracle 데이터베이스의 복제 절차는 기본적으로 백업 절차와 동일합니다. 기본적인 요구 사항은 복구 가능한 백업을 구성하는 스냅샷을 원격 스토리지 시스템에 복제해야 한다는 것입니다.

앞서 로컬 데이터 보호에 대한 설명에서 설명한 것처럼 핫 백업 프로세스를 사용하거나 스냅샷 최적화 백업을 활용하여 복구 가능한 백업을 만들 수 있습니다.

가장 중요한 요구사항은 데이터 파일을 하나 이상의 전용 볼륨으로 분리하는 것입니다. 다른 파일 형식으로 오염되지 않아야 합니다. 그 이유는 데이터 파일 복제가 아카이브 로그 같은 다른 데이터 유형의 복제와 완전히 독립적인지 확인하기 위해서입니다. 파일 레이아웃에 대한 추가 정보 및 스토리지 레이아웃을 스냅샷과 쉽게 사용할 수 있도록 보장하는 방법에 대한 자세한 내용은 을 참조하십시오  link:../../dp/oracle-online-backup.html#data-layout["데이터 레이아웃"].

데이터 파일이 전용 볼륨으로 캡슐화된다고 가정할 때 다음 질문은 재실행 로그, 아카이브 로그, 제어 파일을 관리하는 방법입니다. 가장 간단한 접근 방식은 이러한 모든 데이터 유형을 단일 볼륨에 배치하는 것입니다. 이 경우 복제된 redo 로그, 아카이브 로그 및 제어 파일이 완벽하게 동기화된다는 이점이 있습니다. 불완전한 복구나 백업 제어 파일을 사용할 필요는 없지만 다른 잠재적인 복구 시나리오를 위해 백업 제어 파일을 스크립트 작성하는 것이 바람직할 수 있습니다.



== 2볼륨 레이아웃

가장 간단한 레이아웃은 다음 그림에 나와 있습니다.

image:2-volume.png["오류: 그래픽 이미지가 없습니다"]

이것이 가장 일반적인 접근 방식입니다. DBA 관점에서 볼 때 재실행 로그와 아카이브 로그의 모든 복사본을 동일한 볼륨에 생성하는 것은 드문 것처럼 보일 수 있습니다. 그러나 파일 및 LUN이 모두 동일한 기본 드라이브 세트에 있는 경우 분리 기능을 통해 보호 기능이 크게 향상되지는 않습니다.



== 3볼륨 레이아웃

데이터 보호 또는 재실행 로그 I/O를 컨트롤러 간에 분산해야 하기 때문에 재실행 로그를 분리해야 하는 경우가 있습니다. 이 경우 아래 그림에 나와 있는 3개 볼륨 레이아웃을 복제에 사용할 수 있지만 불완전한 복구를 수행하거나 백업 제어 파일을 사용할 필요가 없습니다.

image:3-volume.png["오류: 그래픽 이미지가 없습니다"]

따라서 소스의 독립 스핀들 및 컨트롤러 세트에 대해 redo 로그 및 제어 파일을 스트라이핑할 수 있습니다. 그러나 아카이브 로그와 하나의 제어 파일 및 redo 로그 세트는 아카이브 로그와 동기화된 상태로 복제할 수 있습니다.

이 모델에서는 Redo Log B 볼륨이 복제되지 않습니다.



== 재해 복구 절차 - 핫 백업

핫 백업을 사용하여 재해 복구를 수행하려면 다음 기본 절차를 사용하십시오.



=== 필수 구성 요소

. Oracle 바이너리는 재해 복구 서버에 설치됩니다.
. 데이터베이스 인스턴스는 에 나열됩니다 `/etc/oratab`.
. 를 클릭합니다 `passwd` 및 `pfile` 또는 `spfile` 이 인스턴스는 에 있어야 합니다 `$ORACLE_HOME/dbs` 디렉토리. .




=== 재해 복구

. 데이터 파일과 공통 로그 볼륨의 미러를 제거합니다.
. 데이터 파일 볼륨을 데이터 파일의 최신 핫 백업 스냅샷으로 복원합니다.
. SAN을 사용하는 경우 볼륨 그룹을 활성화하고 파일 시스템을 마운트합니다.
. 원하는 지점으로 아카이브 로그를 재생합니다.
. 전체 복구가 필요한 경우 현재 redo 로그를 재생합니다.


NFS를 사용하면 데이터 파일 및 로그 파일용 NFS 파일 시스템을 재해 복구 서버에 언제든지 마운트할 수 있으므로 이러한 절차가 크게 간소화됩니다. 미러가 손상되면 읽기/쓰기가 됩니다.



== 재해 복구 절차 - 스냅샷에 최적화된 백업

스냅샷 최적화 백업에서 복구하는 작업은 다음과 같은 변경 사항이 있는 핫 백업 복구 절차와 거의 동일합니다.

. 데이터 파일과 공통 로그 볼륨의 미러를 제거합니다.
. 데이터 파일 볼륨을 현재 로그 볼륨 복제본 이전에 생성된 스냅샷으로 복구합니다.
. SAN을 사용하는 경우 볼륨 그룹을 활성화하고 파일 시스템을 마운트합니다.
. 원하는 지점으로 아카이브 로그를 재생합니다.
. 전체 복구가 필요한 경우 현재 redo 로그를 재생합니다.


이러한 차이는 데이터베이스가 핫 백업 모드에 있는 동안 소스에서 스냅샷이 제대로 생성되었는지 확인할 필요가 없기 때문에 전체 복구 절차가 간소화됩니다. 재해 복구 절차는 재해 복구 사이트에 있는 스냅샷의 타임스탬프를 기반으로 합니다. 스냅샷이 생성된 시점의 데이터베이스 상태는 중요하지 않습니다.



== 핫 백업 스냅샷을 사용한 재해 복구

핫 백업 스냅샷 복제를 기반으로 하는 재해 복구 전략의 한 예입니다. 또한 단순하고 확장 가능한 로컬 백업 전략의 한 예입니다.

예제 데이터베이스는 기본적인 두 볼륨 아키텍처에 있습니다. `/oradata` 에는 데이터 파일 및 이 포함되어 있습니다 `/oralogs` 는 결합된 redo 로그, 아카이브 로그 및 제어 파일에 사용됩니다.

....
[root@host1 ~]# ls /ora*
/oradata:
dbf
/oralogs:
arch  ctrl  redo
....
야간 데이터 파일 백업용 스케줄 하나와 로그 파일 백업용 스케줄 두 개가 필요합니다. 이를 각각 자정과 15분이라고 합니다.

....
Cluster01::> job schedule cron show -name midnight|15minutes
Name                Description
----------------    -----------------------------------------------------
15minutes           @:00,:15,:30,:45
midnight            @0:00
2 entries were displayed.
....
그런 다음 이러한 스케줄이 스냅샷 정책 내에서 사용됩니다 `NTAP-datafile-backups` 및 `NTAP-log-backups`, 아래 그림과 같이:

....
Cluster01::> snapshot policy show -vserver vserver1 -policy NTAP-* -fields schedules,counts
vserver   policy                schedules                    counts
--------- --------------------- ---------------------------- ------
vserver1  NTAP-datafile-backups midnight                     60
vserver1  NTAP-log-backups      15minutes                    72
2 entries were displayed.
....
마지막으로 이러한 스냅샷 정책이 볼륨에 적용됩니다.

....
Cluster01::> volume show -vserver vserver1 -volume vol_oracle* -fields snapshot-policy
vserver   volume                 snapshot-policy
--------- ---------------------- ---------------------
vserver1  vol_oracle_datafiles   NTAP-datafile-backups
vserver1  vol_oracle_logs        NTAP-log-backups
....
볼륨의 백업 일정을 정의합니다. 데이터 파일 스냅샷은 자정에 생성되며 60일 동안 유지됩니다. 로그 볼륨에는 15분 간격으로 생성된 72개의 스냅샷이 포함되어 최대 18시간 동안 사용 가능합니다.

그런 다음 데이터 파일 스냅샷이 생성될 때 데이터베이스가 핫 백업 모드인지 확인합니다. 이 작업은 지정된 SID에서 백업 모드를 시작하고 중지하는 몇 가지 기본 인수를 허용하는 작은 스크립트를 사용하여 수행됩니다.

....
58 * * * * /snapomatic/current/smatic.db.ctrl --sid NTAP --startbackup
02 * * * * /snapomatic/current/smatic.db.ctrl --sid NTAP --stopbackup
....
이 단계를 수행하면 자정 스냅샷을 둘러싸고 4분 동안 데이터베이스가 핫 백업 모드에 있게 됩니다.

재해 복구 사이트로의 복제는 다음과 같이 구성됩니다.

....
Cluster01::> snapmirror show -destination-path drvserver1:dr_oracle* -fields source-path,destination-path,schedule
source-path                      destination-path                   schedule
-------------------------------- ---------------------------------- --------
vserver1:vol_oracle_datafiles    drvserver1:dr_oracle_datafiles     6hours
vserver1:vol_oracle_logs         drvserver1:dr_oracle_logs          15minutes
2 entries were displayed.
....
로그 볼륨 대상은 15분마다 업데이트됩니다. 이 경우 RPO는 약 15분입니다. 정확한 업데이트 간격은 업데이트 중에 전송해야 하는 총 데이터 볼륨에 따라 약간 달라집니다.

데이터 파일 볼륨 대상은 6시간 간격으로 업데이트됩니다. RPO 또는 RTO에는 영향을 미치지 않습니다. 재해 복구가 필요한 경우 첫 번째 단계 중 하나는 데이터 파일 볼륨을 핫 백업 스냅샷으로 다시 복원하는 것입니다. 보다 빈번한 업데이트 간격의 목적은 이 볼륨의 전송 속도를 부드럽게 하는 것입니다. 업데이트가 하루에 한 번 예약된 경우 해당 날짜에 누적된 모든 변경 사항을 한 번에 전송해야 합니다. 업데이트가 자주 이루어지므로 하루 종일 변경 내용이 점차 복제됩니다.

재해가 발생할 경우 첫 번째 단계는 두 볼륨의 미러를 분리하는 것입니다.

....
Cluster01::> snapmirror break -destination-path drvserver1:dr_oracle_datafiles -force
Operation succeeded: snapmirror break for destination "drvserver1:dr_oracle_datafiles".
Cluster01::> snapmirror break -destination-path drvserver1:dr_oracle_logs -force
Operation succeeded: snapmirror break for destination "drvserver1:dr_oracle_logs".
Cluster01::>
....
이제 복제본이 읽기-쓰기입니다. 다음 단계는 로그 볼륨의 타임스탬프를 확인하는 것입니다.

....
Cluster01::> snapmirror show -destination-path drvserver1:dr_oracle_logs -field newest-snapshot-timestamp
source-path                destination-path             newest-snapshot-timestamp
-------------------------- ---------------------------- -------------------------
vserver1:vol_oracle_logs   drvserver1:dr_oracle_logs    03/14 13:30:00
....
로그 볼륨의 가장 최근 사본은 3월 14일 13:30:00입니다.

그런 다음 로그 볼륨의 상태 바로 전에 생성된 핫 백업 스냅샷을 식별합니다. 로그 재생 프로세스에는 핫 백업 모드 중에 생성된 모든 아카이브 로그가 필요하므로 이 작업이 필요합니다. 따라서 로그 볼륨 복제본은 핫 백업 이미지보다 오래된 것이어야 합니다. 그렇지 않으면 필요한 로그가 포함되지 않습니다.

....
Cluster01::> snapshot list -vserver drvserver1 -volume dr_oracle_datafiles -fields create-time -snapshot midnight*
vserver   volume                    snapshot                   create-time
--------- ------------------------  -------------------------- ------------------------
drvserver1 dr_oracle_datafiles      midnight.2017-01-14_0000   Sat Jan 14 00:00:00 2017
drvserver1 dr_oracle_datafiles      midnight.2017-01-15_0000   Sun Jan 15 00:00:00 2017
...

drvserver1 dr_oracle_datafiles      midnight.2017-03-12_0000   Sun Mar 12 00:00:00 2017
drvserver1 dr_oracle_datafiles      midnight.2017-03-13_0000   Mon Mar 13 00:00:00 2017
drvserver1 dr_oracle_datafiles      midnight.2017-03-14_0000   Tue Mar 14 00:00:00 2017
60 entries were displayed.
Cluster01::>
....
가장 최근에 생성된 스냅샷은 입니다 `midnight.2017-03-14_0000`. 이 이미지는 데이터 파일의 최신 핫 백업 이미지이며 다음과 같이 복원됩니다.

....
Cluster01::> snapshot restore -vserver drvserver1 -volume dr_oracle_datafiles -snapshot midnight.2017-03-14_0000
Cluster01::>
....
이 단계에서는 이제 데이터베이스를 복구할 수 있습니다. SAN 환경인 경우 다음 단계에는 볼륨 그룹을 활성화하고 파일 시스템을 마운트하는 작업이 포함되며, 이는 쉽게 자동화할 수 있습니다. 이 예에서는 NFS를 사용하기 때문에 파일 시스템이 이미 마운트되어 읽기/쓰기로 전환되어 미러가 손상되는 즉시 마운트하거나 활성화할 필요가 없습니다.

이제 데이터베이스를 원하는 시점으로 복구하거나 복제된 재실행 로그 사본과 관련하여 완전히 복구할 수 있습니다. 이 예에서는 결합된 아카이브 로그, 제어 파일 및 재실행 로그 볼륨의 값을 보여 줍니다. 백업 제어 파일에 의존하거나 로그 파일을 재설정할 필요가 없기 때문에 복구 프로세스가 매우 간단합니다.

....
[oracle@drhost1 ~]$ sqlplus / as sysdba
Connected to an idle instance.
SQL> startup mount;
ORACLE instance started.
Total System Global Area 1610612736 bytes
Fixed Size                  2924928 bytes
Variable Size            1090522752 bytes
Database Buffers          503316480 bytes
Redo Buffers               13848576 bytes
Database mounted.
SQL> recover database until cancel;
ORA-00279: change 1291884 generated at 03/14/2017 12:58:01 needed for thread 1
ORA-00289: suggestion : /oralogs_nfs/arch/1_34_938169986.dbf
ORA-00280: change 1291884 for thread 1 is in sequence #34
Specify log: {<RET>=suggested | filename | AUTO | CANCEL}
auto
ORA-00279: change 1296077 generated at 03/14/2017 15:00:44 needed for thread 1
ORA-00289: suggestion : /oralogs_nfs/arch/1_35_938169986.dbf
ORA-00280: change 1296077 for thread 1 is in sequence #35
ORA-00278: log file '/oralogs_nfs/arch/1_34_938169986.dbf' no longer needed for
this recovery
...
ORA-00279: change 1301407 generated at 03/14/2017 15:01:04 needed for thread 1
ORA-00289: suggestion : /oralogs_nfs/arch/1_40_938169986.dbf
ORA-00280: change 1301407 for thread 1 is in sequence #40
ORA-00278: log file '/oralogs_nfs/arch/1_39_938169986.dbf' no longer needed for
this recovery
ORA-00279: change 1301418 generated at 03/14/2017 15:01:19 needed for thread 1
ORA-00289: suggestion : /oralogs_nfs/arch/1_41_938169986.dbf
ORA-00280: change 1301418 for thread 1 is in sequence #41
ORA-00278: log file '/oralogs_nfs/arch/1_40_938169986.dbf' no longer needed for
this recovery
ORA-00308: cannot open archived log '/oralogs_nfs/arch/1_41_938169986.dbf'
ORA-17503: ksfdopn:4 Failed to open file /oralogs_nfs/arch/1_41_938169986.dbf
ORA-17500: ODM err:File does not exist
SQL> recover database;
Media recovery complete.
SQL> alter database open;
Database altered.
SQL>
....


== 스냅샷 최적화 백업을 통한 재해 복구

스냅샷 최적화 백업을 사용하는 재해 복구 절차는 핫 백업 재해 복구 절차와 거의 동일합니다. 핫 백업 스냅샷 절차와 마찬가지로 기본적으로 재해 복구에서 사용할 수 있도록 백업을 복제하는 로컬 백업 아키텍처의 확장이기도 합니다. 다음 예에서는 자세한 구성 및 복구 절차를 보여 줍니다. 이 예에서는 핫 백업과 스냅샷 최적화 백업의 주요 차이점을 설명합니다.

예제 데이터베이스는 기본적인 두 볼륨 아키텍처에 있습니다. `/oradata` 에는 데이터 파일, 가 포함되어 있습니다 `/oralogs` 는 결합된 redo 로그, 아카이브 로그 및 제어 파일에 사용됩니다.

....
 [root@host2 ~]# ls /ora*
/oradata:
dbf
/oralogs:
arch  ctrl  redo
....
야간 데이터 파일 백업용 스케줄 하나와 로그 파일 백업용 스케줄 두 개가 필요합니다. 이를 각각 자정과 15분이라고 합니다.

....
Cluster01::> job schedule cron show -name midnight|15minutes
Name                Description
----------------    -----------------------------------------------------
15minutes           @:00,:15,:30,:45
midnight            @0:00
2 entries were displayed.
....
그런 다음 이러한 스케줄이 스냅샷 정책 내에서 사용됩니다 `NTAP-datafile-backups` 및 `NTAP-log-backups`, 아래 그림과 같이:

....
Cluster01::> snapshot policy show -vserver vserver2  -policy NTAP-* -fields schedules,counts
vserver   policy                schedules                    counts
--------- --------------------- ---------------------------- ------
vserver2  NTAP-datafile-backups midnight                     60
vserver2  NTAP-log-backups      15minutes                    72
2 entries were displayed.
....
마지막으로 이러한 스냅샷 정책이 볼륨에 적용됩니다.

....
Cluster01::> volume show -vserver vserver2  -volume vol_oracle* -fields snapshot-policy
vserver   volume                 snapshot-policy
--------- ---------------------- ---------------------
vserver2  vol_oracle_datafiles   NTAP-datafile-backups
vserver2  vol_oracle_logs        NTAP-log-backups
....
이렇게 하면 볼륨의 최종 백업 일정이 제어됩니다. 스냅샷은 자정에 생성되며 60일 동안 유지됩니다. 로그 볼륨에는 15분 간격으로 생성된 72개의 스냅샷이 포함되어 최대 18시간 동안 사용 가능합니다.

재해 복구 사이트로의 복제는 다음과 같이 구성됩니다.

....
Cluster01::> snapmirror show -destination-path drvserver2:dr_oracle* -fields source-path,destination-path,schedule
source-path                      destination-path                   schedule
-------------------------------- ---------------------------------- --------
vserver2:vol_oracle_datafiles    drvserver2:dr_oracle_datafiles     6hours
vserver2:vol_oracle_logs         drvserver2:dr_oracle_logs          15minutes
2 entries were displayed.
....
로그 볼륨 대상은 15분마다 업데이트됩니다. 이 경우 RPO는 약 15분이며, 업데이트 중에 전송해야 하는 총 데이터 볼륨에 따라 정확한 업데이트 간격이 약간 달라집니다.

데이터 파일 볼륨 대상은 6시간마다 업데이트됩니다. RPO 또는 RTO에는 영향을 미치지 않습니다. 재해 복구가 필요한 경우 먼저 데이터 파일 볼륨을 핫 백업 스냅샷으로 복원해야 합니다. 보다 빈번한 업데이트 간격의 목적은 이 볼륨의 전송 속도를 부드럽게 하는 것입니다. 업데이트가 하루에 한 번 예약된 경우 해당 날짜에 누적된 모든 변경 사항을 한 번에 전송해야 합니다. 업데이트가 자주 이루어지므로 하루 종일 변경 내용이 점차 복제됩니다.

재해가 발생할 경우 첫 번째 단계는 모든 볼륨의 미러를 분리하는 것입니다.

....
Cluster01::> snapmirror break -destination-path drvserver2:dr_oracle_datafiles -force
Operation succeeded: snapmirror break for destination "drvserver2:dr_oracle_datafiles".
Cluster01::> snapmirror break -destination-path drvserver2:dr_oracle_logs -force
Operation succeeded: snapmirror break for destination "drvserver2:dr_oracle_logs".
Cluster01::>
....
이제 복제본이 읽기-쓰기입니다. 다음 단계는 로그 볼륨의 타임스탬프를 확인하는 것입니다.

....
Cluster01::> snapmirror show -destination-path drvserver2:dr_oracle_logs -field newest-snapshot-timestamp
source-path                destination-path             newest-snapshot-timestamp
-------------------------- ---------------------------- -------------------------
vserver2:vol_oracle_logs   drvserver2:dr_oracle_logs    03/14 13:30:00
....
로그 볼륨의 가장 최근 사본은 3월 14일 13:30입니다. 그런 다음 로그 볼륨의 상태 바로 전에 생성된 데이터 파일 스냅샷을 식별합니다. 로그 재생 프로세스에는 스냅샷 바로 전부터 원하는 복구 지점까지 모든 아카이브 로그가 필요하므로 이 작업이 필요합니다.

....
Cluster01::> snapshot list -vserver drvserver2 -volume dr_oracle_datafiles -fields create-time -snapshot midnight*
vserver   volume                    snapshot                   create-time
--------- ------------------------  -------------------------- ------------------------
drvserver2 dr_oracle_datafiles      midnight.2017-01-14_0000   Sat Jan 14 00:00:00 2017
drvserver2 dr_oracle_datafiles      midnight.2017-01-15_0000   Sun Jan 15 00:00:00 2017
...

drvserver2 dr_oracle_datafiles      midnight.2017-03-12_0000   Sun Mar 12 00:00:00 2017
drvserver2 dr_oracle_datafiles      midnight.2017-03-13_0000   Mon Mar 13 00:00:00 2017
drvserver2 dr_oracle_datafiles      midnight.2017-03-14_0000   Tue Mar 14 00:00:00 2017
60 entries were displayed.
Cluster01::>
....
가장 최근에 생성된 스냅샷은 입니다 `midnight.2017-03-14_0000`. 이 스냅샷을 복원합니다.

....
Cluster01::> snapshot restore -vserver drvserver2 -volume dr_oracle_datafiles -snapshot midnight.2017-03-14_0000
Cluster01::>
....
이제 데이터베이스를 복구할 준비가 되었습니다. SAN 환경에서는 볼륨 그룹을 활성화하고 파일 시스템을 마운트하여 쉽게 자동화할 수 있습니다. 그러나 이 예에서는 NFS를 사용하고 있으므로 미러가 손상된 순간 추가 마운트나 활성화가 필요 없이 파일 시스템이 이미 마운트되어 읽기/쓰기로 전환되었습니다.

이제 데이터베이스를 원하는 시점으로 복구하거나 복제된 재실행 로그 사본과 관련하여 완전히 복구할 수 있습니다. 이 예에서는 결합된 아카이브 로그, 제어 파일 및 재실행 로그 볼륨의 값을 보여 줍니다. 백업 제어 파일에 의존하거나 로그 파일을 재설정할 필요가 없기 때문에 복구 프로세스가 매우 간단합니다.

....
[oracle@drhost2 ~]$ sqlplus / as sysdba
SQL*Plus: Release 12.1.0.2.0 Production on Wed Mar 15 12:26:51 2017
Copyright (c) 1982, 2014, Oracle.  All rights reserved.
Connected to an idle instance.
SQL> startup mount;
ORACLE instance started.
Total System Global Area 1610612736 bytes
Fixed Size                  2924928 bytes
Variable Size            1073745536 bytes
Database Buffers          520093696 bytes
Redo Buffers               13848576 bytes
Database mounted.
SQL> recover automatic;
Media recovery complete.
SQL> alter database open;
Database altered.
SQL>
....